// Jest Snapshot v1, https://goo.gl/fbAQLP

exports[`Piano calls renderAudio() with the expected props 1`] = `
Array [
  Array [
    Object {
      "notes": Array [],
    },
    Object {},
  ],
  Array [
    Object {
      "notes": Array [
        "C1",
      ],
    },
    Object {},
  ],
  Array [
    Object {
      "notes": Array [
        "C1",
        "C2",
      ],
    },
    Object {},
  ],
  Array [
    Object {
      "notes": Array [
        "C2",
      ],
    },
    Object {},
  ],
]
`;

exports[`Piano calls renderPianoKey() with the expected props 1`] = `
Array [
  Array [
    Object {
      "index": 0,
      "isNoteAccidental": false,
      "isNotePlaying": false,
      "keyboardShortcuts": Array [],
      "note": "C1",
      "startPlayingNote": [Function],
      "stopPlayingNote": [Function],
      "test": true,
    },
  ],
  Array [
    Object {
      "index": 1,
      "isNoteAccidental": true,
      "isNotePlaying": false,
      "keyboardShortcuts": Array [],
      "note": "C#1",
      "startPlayingNote": [Function],
      "stopPlayingNote": [Function],
      "test": true,
    },
  ],
  Array [
    Object {
      "index": 2,
      "isNoteAccidental": false,
      "isNotePlaying": false,
      "keyboardShortcuts": Array [],
      "note": "D1",
      "startPlayingNote": [Function],
      "stopPlayingNote": [Function],
      "test": true,
    },
  ],
  Array [
    Object {
      "index": 3,
      "isNoteAccidental": true,
      "isNotePlaying": false,
      "keyboardShortcuts": Array [],
      "note": "D#1",
      "startPlayingNote": [Function],
      "stopPlayingNote": [Function],
      "test": true,
    },
  ],
  Array [
    Object {
      "index": 4,
      "isNoteAccidental": false,
      "isNotePlaying": false,
      "keyboardShortcuts": Array [],
      "note": "E1",
      "startPlayingNote": [Function],
      "stopPlayingNote": [Function],
      "test": true,
    },
  ],
  Array [
    Object {
      "index": 5,
      "isNoteAccidental": false,
      "isNotePlaying": false,
      "keyboardShortcuts": Array [],
      "note": "F1",
      "startPlayingNote": [Function],
      "stopPlayingNote": [Function],
      "test": true,
    },
  ],
  Array [
    Object {
      "index": 6,
      "isNoteAccidental": true,
      "isNotePlaying": false,
      "keyboardShortcuts": Array [],
      "note": "F#1",
      "startPlayingNote": [Function],
      "stopPlayingNote": [Function],
      "test": true,
    },
  ],
  Array [
    Object {
      "index": 7,
      "isNoteAccidental": false,
      "isNotePlaying": false,
      "keyboardShortcuts": Array [],
      "note": "G1",
      "startPlayingNote": [Function],
      "stopPlayingNote": [Function],
      "test": true,
    },
  ],
  Array [
    Object {
      "index": 8,
      "isNoteAccidental": true,
      "isNotePlaying": false,
      "keyboardShortcuts": Array [],
      "note": "G#1",
      "startPlayingNote": [Function],
      "stopPlayingNote": [Function],
      "test": true,
    },
  ],
  Array [
    Object {
      "index": 9,
      "isNoteAccidental": false,
      "isNotePlaying": false,
      "keyboardShortcuts": Array [],
      "note": "A1",
      "startPlayingNote": [Function],
      "stopPlayingNote": [Function],
      "test": true,
    },
  ],
  Array [
    Object {
      "index": 10,
      "isNoteAccidental": true,
      "isNotePlaying": false,
      "keyboardShortcuts": Array [],
      "note": "A#1",
      "startPlayingNote": [Function],
      "stopPlayingNote": [Function],
      "test": true,
    },
  ],
  Array [
    Object {
      "index": 11,
      "isNoteAccidental": false,
      "isNotePlaying": false,
      "keyboardShortcuts": Array [],
      "note": "B1",
      "startPlayingNote": [Function],
      "stopPlayingNote": [Function],
      "test": true,
    },
  ],
  Array [
    Object {
      "index": 12,
      "isNoteAccidental": false,
      "isNotePlaying": false,
      "keyboardShortcuts": Array [],
      "note": "C2",
      "startPlayingNote": [Function],
      "stopPlayingNote": [Function],
      "test": true,
    },
  ],
]
`;

exports[`Piano renders Instrument with the expected props 1`] = `
Object {
  "getNoteAtIndex": [Function],
  "instrument": "acoustic_grand_piano",
  "keyboardMap": Object {},
  "renderAudio": undefined,
  "renderInstrument": [Function],
}
`;

exports[`Piano renders Instrument with the expected props 2`] = `"C1"`;
